This is pdfTeX, Version 3.141592653-2.6-1.40.25 (MiKTeX 24.1) (preloaded format=pdflatex 2026.3.24)  28 MAR 2026 20:08
entering extended mode
 restricted \write18 enabled.
 %&-line parsing enabled.
**\documentclass{article}\usepackage{geometry}\geometry{paperwidth=17cm,paperhe
ight=10cm}\begin{document}\centering\vspace{3cm}{\Large\textbf{PLACEHOLDER: ed_
fig4_steady_state_distribution}}\end{document}
(D:\Ctex\run_time\CTEX\MiKTeX\tex/latex/base\article.cls
Document Class: article 2023/05/17 v1.4n Standard LaTeX document class
(D:\Ctex\run_time\CTEX\MiKTeX\tex/latex/base\size10.clo
File: size10.clo 2023/05/17 v1.4n Standard LaTeX file (size option)
)
\c@part=\count187
\c@section=\count188
\c@subsection=\count189
\c@subsubsection=\count190
\c@paragraph=\count191
\c@subparagraph=\count192
\c@figure=\count193
\c@table=\count194
\abovecaptionskip=\skip48
\belowcaptionskip=\skip49
\bibindent=\dimen140
)
(D:\Ctex\run_time\CTEX\MiKTeX\tex/latex/geometry\geometry.sty
Package: geometry 2020/01/02 v5.9 Page Geometry

(D:\Ctex\run_time\CTEX\MiKTeX\tex/latex/graphics\keyval.sty
Package: keyval 2022/05/29 v1.15 key=value parser (DPC)
\KV@toks@=\toks17
)
(D:\Ctex\run_time\CTEX\MiKTeX\tex/generic/iftex\ifvtex.sty
Package: ifvtex 2019/10/25 v1.7 ifvtex legacy package. Use iftex instead.

(D:\Ctex\run_time\CTEX\MiKTeX\tex/generic/iftex\iftex.sty
Package: iftex 2022/02/03 v1.0f TeX engine tests
))
\Gm@cnth=\count195
\Gm@cntv=\count196
\c@Gm@tempcnt=\count197
\Gm@bindingoffset=\dimen141
\Gm@wd@mp=\dimen142
\Gm@odd@mp=\dimen143
\Gm@even@mp=\dimen144
\Gm@layoutwidth=\dimen145
\Gm@layoutheight=\dimen146
\Gm@layouthoffset=\dimen147
\Gm@layoutvoffset=\dimen148
\Gm@dimlist=\toks18

(D:\Ctex\run_time\CTEX\MiKTeX\tex/latex/geometry\geometry.cfg))
(D:\Ctex\run_time\CTEX\MiKTeX\tex/latex/l3backend\l3backend-pdftex.def
File: l3backend-pdftex.def 2024-01-04 L3 backend support: PDF output (pdfTeX)
\l__color_backend_stack_int=\count198
\l__pdf_internal_box=\box51
)
(texput.aux)
\openout1 = `texput.aux'.

LaTeX Font Info:    Checking defaults for OML/cmm/m/it on input line 0.
LaTeX Font Info:    ... okay on input line 0.
LaTeX Font Info:    Checking defaults for OMS/cmsy/m/n on input line 0.
LaTeX Font Info:    ... okay on input line 0.
LaTeX Font Info:    Checking defaults for OT1/cmr/m/n on input line 0.
LaTeX Font Info:    ... okay on input line 0.
LaTeX Font Info:    Checking defaults for T1/cmr/m/n on input line 0.
LaTeX Font Info:    ... okay on input line 0.
LaTeX Font Info:    Checking defaults for TS1/cmr/m/n on input line 0.
LaTeX Font Info:    ... okay on input line 0.
LaTeX Font Info:    Checking defaults for OMX/cmex/m/n on input line 0.
LaTeX Font Info:    ... okay on input line 0.
LaTeX Font Info:    Checking defaults for U/cmr/m/n on input line 0.
LaTeX Font Info:    ... okay on input line 0.

*geometry* driver: auto-detecting
*geometry* detected driver: pdftex
*geometry* verbose mode - [ preamble ] result:
* driver: pdftex
* paper: custom
* layout: <same size as paper>
* layoutoffset:(h,v)=(0.0pt,0.0pt)
* modes: 
* h-part:(L,W,R)=(72.55527pt, 338.5863pt, 72.55527pt)
* v-part:(T,H,B)=(34.14365pt, 199.16841pt, 51.2155pt)
* \paperwidth=483.69684pt
* \paperheight=284.52756pt
* \textwidth=338.5863pt
* \textheight=199.16841pt
* \oddsidemargin=0.28528pt
* \evensidemargin=0.28528pt
* \topmargin=-75.12634pt
* \headheight=12.0pt
* \headsep=25.0pt
* \topskip=10.0pt
* \footskip=30.0pt
* \marginparwidth=65.0pt
* \marginparsep=11.0pt
* \columnsep=10.0pt
* \skip\footins=9.0pt plus 4.0pt minus 2.0pt
* \hoffset=0.0pt
* \voffset=0.0pt
* \mag=1000
* \@twocolumnfalse
* \@twosidefalse
* \@mparswitchfalse
* \@reversemarginfalse
* (1in=72.27pt=25.4mm, 1cm=28.453pt)

! Missing $ inserted.
<inserted text> 
                $
<*> ...EHOLDER: ed_fig4_steady_state_distribution}
                                                  }\end{document}
I've inserted a begin-math/end-math symbol since I think
you left one out. Proceed, with fingers crossed.

LaTeX Font Info:    External font `cmex10' loaded for size
(Font)              <14.4> on input line 0.
LaTeX Font Info:    External font `cmex10' loaded for size
(Font)              <7> on input line 0.
! Extra }, or forgotten $.
<recently read> \egroup 
                        
<*> ...EHOLDER: ed_fig4_steady_state_distribution}
                                                  }\end{document}
I've deleted a group-closing symbol because it seems to be
spurious, as in `$x}$'. But perhaps the } is legitimate and
you forgot something else, as in `\hbox{$x}'. In such cases
the way to recover is to insert both the forgotten and the
deleted material, e.g., by typing `I$}'.

! Extra }, or forgotten $.
<*> ...HOLDER: ed_fig4_steady_state_distribution}}
                                                  \end{document}
I've deleted a group-closing symbol because it seems to be
spurious, as in `$x}$'. But perhaps the } is legitimate and
you forgot something else, as in `\hbox{$x}'. In such cases
the way to recover is to insert both the forgotten and the
deleted material, e.g., by typing `I$}'.

! Missing $ inserted.
<inserted text> 
                $
<*> ...4_steady_state_distribution}}\end{document}
                                                  
I've inserted a begin-math/end-math symbol since I think
you left one out. Proceed, with fingers crossed.

[1

{D:/Ctex/run_time/CTEX/UserData/fonts/map/pdftex/pdftex.map{Unicode.sfd}{UGBK.s
fd}}] (texput.aux)
 ***********
LaTeX2e <2023-11-01> patch level 1
L3 programming layer <2024-01-22>
 ***********

(\end occurred inside a group at level 2)

### simple group (level 2) ({)
### simple group (level 1) ({)
### bottom level 
Here is how much of TeX's memory you used:
 1032 strings out of 474504
 17677 string characters out of 5750526
 1922978 words of memory out of 5000000
 23343 multiletter control sequences out of 15000+600000
 559289 words of font info for 40 fonts, out of 8000000 for 9000
 1141 hyphenation exceptions out of 8191
 56i,5n,65p,325b,193s stack positions out of 10000i,1000n,20000p,200000b,200000s
<D:/Ctex/run_time/CTEX/MiKTeX/fonts/type1/public/amsfonts/cm/cm
bx12.pfb><D:/Ctex/run_time/CTEX/MiKTeX/fonts/type1/public/amsfonts/cm/cmmi10.pf
b><D:/Ctex/run_time/CTEX/MiKTeX/fonts/type1/public/amsfonts/cm/cmmi12.pfb><D:/C
tex/run_time/CTEX/MiKTeX/fonts/type1/public/amsfonts/cm/cmr10.pfb><D:/Ctex/run_
time/CTEX/MiKTeX/fonts/type1/public/amsfonts/cm/cmr12.pfb>
Output written on texput.pdf (1 page, 49541 bytes).
PDF statistics:
 31 PDF objects out of 1000 (max. 8388607)
 0 named destinations out of 1000 (max. 500000)
 1 words of extra memory for PDF output out of 10000 (max. 10000000)

